Archive member included to satisfy reference by file (symbol)

/Users/assetmalik/STM32/cm3/lib/libopencm3_stm32f1.a(gpio.o)
                              mk/main.o (gpio_set_mode)
/Users/assetmalik/STM32/cm3/lib/libopencm3_stm32f1.a(rcc.o)
                              mk/main.o (rcc_clock_setup_in_hse_8mhz_out_72mhz)
/Users/assetmalik/STM32/cm3/lib/libopencm3_stm32f1.a(spi_common_all.o)
                              mk/main.o (spi_write)
/Users/assetmalik/STM32/cm3/lib/libopencm3_stm32f1.a(usart_common_all.o)
                              mk/main.o (usart_set_baudrate)
/Users/assetmalik/STM32/cm3/lib/libopencm3_stm32f1.a(usart_common_f124.o)
                              /Users/assetmalik/STM32/cm3/lib/libopencm3_stm32f1.a(usart_common_all.o) (usart_send)
/Users/assetmalik/STM32/cm3/lib/libopencm3_stm32f1.a(rcc_common_all.o)
                              mk/main.o (rcc_periph_clock_enable)
/Users/assetmalik/STM32/cm3/lib/libopencm3_stm32f1.a(flash_common_f01.o)
                              /Users/assetmalik/STM32/cm3/lib/libopencm3_stm32f1.a(rcc.o) (flash_set_ws)
/Users/assetmalik/STM32/cm3/lib/libopencm3_stm32f1.a(vector.o)
                              (reset_handler)
/Users/assetmalik/STM32/cm3/lib/libopencm3_stm32f1.a(assert.o)
                              /Users/assetmalik/STM32/cm3/lib/libopencm3_stm32f1.a(rcc.o) (cm3_assert_failed)
/Users/assetmalik/STM32/cm3/lib/libopencm3_stm32f1.a(flash.o)
                              /Users/assetmalik/STM32/cm3/lib/libopencm3_stm32f1.a(flash_common_f01.o) (flash_get_status_flags)

Discarded input sections

 .text          0x0000000000000000        0x0 mk/main.o
 .data          0x0000000000000000        0x0 mk/main.o
 .bss           0x0000000000000000        0x0 mk/main.o
 .text          0x0000000000000000        0x0 /Users/assetmalik/STM32/cm3/lib/libopencm3_stm32f1.a(gpio.o)
 .data          0x0000000000000000        0x0 /Users/assetmalik/STM32/cm3/lib/libopencm3_stm32f1.a(gpio.o)
 .bss           0x0000000000000000        0x0 /Users/assetmalik/STM32/cm3/lib/libopencm3_stm32f1.a(gpio.o)
 .text.gpio_set_eventout
                0x0000000000000000       0x10 /Users/assetmalik/STM32/cm3/lib/libopencm3_stm32f1.a(gpio.o)
 .text.gpio_primary_remap
                0x0000000000000000       0x18 /Users/assetmalik/STM32/cm3/lib/libopencm3_stm32f1.a(gpio.o)
 .text.gpio_secondary_remap
                0x0000000000000000       0x10 /Users/assetmalik/STM32/cm3/lib/libopencm3_stm32f1.a(gpio.o)
 .text          0x0000000000000000        0x0 /Users/assetmalik/STM32/cm3/lib/libopencm3_stm32f1.a(rcc.o)
 .data          0x0000000000000000        0x0 /Users/assetmalik/STM32/cm3/lib/libopencm3_stm32f1.a(rcc.o)
 .bss           0x0000000000000000        0x0 /Users/assetmalik/STM32/cm3/lib/libopencm3_stm32f1.a(rcc.o)
 .text.rcc_osc_ready_int_clear
                0x0000000000000000       0x5c /Users/assetmalik/STM32/cm3/lib/libopencm3_stm32f1.a(rcc.o)
 .text.rcc_osc_ready_int_enable
                0x0000000000000000       0x5c /Users/assetmalik/STM32/cm3/lib/libopencm3_stm32f1.a(rcc.o)
 .text.rcc_osc_ready_int_disable
                0x0000000000000000       0x5c /Users/assetmalik/STM32/cm3/lib/libopencm3_stm32f1.a(rcc.o)
 .text.rcc_osc_ready_int_flag
                0x0000000000000000       0x54 /Users/assetmalik/STM32/cm3/lib/libopencm3_stm32f1.a(rcc.o)
 .text.rcc_css_int_clear
                0x0000000000000000       0x10 /Users/assetmalik/STM32/cm3/lib/libopencm3_stm32f1.a(rcc.o)
 .text.rcc_css_int_flag
                0x0000000000000000       0x10 /Users/assetmalik/STM32/cm3/lib/libopencm3_stm32f1.a(rcc.o)
 .text.rcc_osc_off
                0x0000000000000000       0x58 /Users/assetmalik/STM32/cm3/lib/libopencm3_stm32f1.a(rcc.o)
 .text.rcc_css_enable
                0x0000000000000000       0x10 /Users/assetmalik/STM32/cm3/lib/libopencm3_stm32f1.a(rcc.o)
 .text.rcc_css_disable
                0x0000000000000000       0x10 /Users/assetmalik/STM32/cm3/lib/libopencm3_stm32f1.a(rcc.o)
 .text.rcc_osc_bypass_enable
                0x0000000000000000       0x28 /Users/assetmalik/STM32/cm3/lib/libopencm3_stm32f1.a(rcc.o)
 .text.rcc_osc_bypass_disable
                0x0000000000000000       0x28 /Users/assetmalik/STM32/cm3/lib/libopencm3_stm32f1.a(rcc.o)
 .text.rcc_set_pll2_multiplication_factor
                0x0000000000000000       0x14 /Users/assetmalik/STM32/cm3/lib/libopencm3_stm32f1.a(rcc.o)
 .text.rcc_set_pll3_multiplication_factor
                0x0000000000000000       0x14 /Users/assetmalik/STM32/cm3/lib/libopencm3_stm32f1.a(rcc.o)
 .text.rcc_set_usbpre
                0x0000000000000000       0x18 /Users/assetmalik/STM32/cm3/lib/libopencm3_stm32f1.a(rcc.o)
 .text.rcc_set_prediv1
                0x0000000000000000       0x14 /Users/assetmalik/STM32/cm3/lib/libopencm3_stm32f1.a(rcc.o)
 .text.rcc_set_prediv2
                0x0000000000000000       0x14 /Users/assetmalik/STM32/cm3/lib/libopencm3_stm32f1.a(rcc.o)
 .text.rcc_set_prediv1_source
                0x0000000000000000       0x18 /Users/assetmalik/STM32/cm3/lib/libopencm3_stm32f1.a(rcc.o)
 .text.rcc_set_mco
                0x0000000000000000       0x14 /Users/assetmalik/STM32/cm3/lib/libopencm3_stm32f1.a(rcc.o)
 .text.rcc_system_clock_source
                0x0000000000000000       0x10 /Users/assetmalik/STM32/cm3/lib/libopencm3_stm32f1.a(rcc.o)
 .text.rcc_clock_setup_in_hsi_out_64mhz
                0x0000000000000000       0x6c /Users/assetmalik/STM32/cm3/lib/libopencm3_stm32f1.a(rcc.o)
 .text.rcc_clock_setup_in_hsi_out_48mhz
                0x0000000000000000       0x7c /Users/assetmalik/STM32/cm3/lib/libopencm3_stm32f1.a(rcc.o)
 .text.rcc_clock_setup_in_hsi_out_24mhz
                0x0000000000000000       0x68 /Users/assetmalik/STM32/cm3/lib/libopencm3_stm32f1.a(rcc.o)
 .text.rcc_clock_setup_in_hse_8mhz_out_24mhz
                0x0000000000000000       0x80 /Users/assetmalik/STM32/cm3/lib/libopencm3_stm32f1.a(rcc.o)
 .text.rcc_clock_setup_in_hse_12mhz_out_72mhz
                0x0000000000000000       0x84 /Users/assetmalik/STM32/cm3/lib/libopencm3_stm32f1.a(rcc.o)
 .text.rcc_clock_setup_in_hse_16mhz_out_72mhz
                0x0000000000000000       0x84 /Users/assetmalik/STM32/cm3/lib/libopencm3_stm32f1.a(rcc.o)
 .text.rcc_clock_setup_in_hse_25mhz_out_72mhz
                0x0000000000000000       0xa4 /Users/assetmalik/STM32/cm3/lib/libopencm3_stm32f1.a(rcc.o)
 .text.rcc_backupdomain_reset
                0x0000000000000000       0x18 /Users/assetmalik/STM32/cm3/lib/libopencm3_stm32f1.a(rcc.o)
 .text          0x0000000000000000        0x0 /Users/assetmalik/STM32/cm3/lib/libopencm3_stm32f1.a(spi_common_all.o)
 .data          0x0000000000000000        0x0 /Users/assetmalik/STM32/cm3/lib/libopencm3_stm32f1.a(spi_common_all.o)
 .bss           0x0000000000000000        0x0 /Users/assetmalik/STM32/cm3/lib/libopencm3_stm32f1.a(spi_common_all.o)
 .text.spi_reset
                0x0000000000000000       0x30 /Users/assetmalik/STM32/cm3/lib/libopencm3_stm32f1.a(spi_common_all.o)
 .text.spi_enable
                0x0000000000000000        0xa /Users/assetmalik/STM32/cm3/lib/libopencm3_stm32f1.a(spi_common_all.o)
 .text.spi_disable
                0x0000000000000000        0xa /Users/assetmalik/STM32/cm3/lib/libopencm3_stm32f1.a(spi_common_all.o)
 .text.spi_clean_disable
                0x0000000000000000       0x26 /Users/assetmalik/STM32/cm3/lib/libopencm3_stm32f1.a(spi_common_all.o)
 .text.spi_send
                0x0000000000000000        0xa /Users/assetmalik/STM32/cm3/lib/libopencm3_stm32f1.a(spi_common_all.o)
 .text.spi_xfer
                0x0000000000000000        0xe /Users/assetmalik/STM32/cm3/lib/libopencm3_stm32f1.a(spi_common_all.o)
 .text.spi_set_bidirectional_mode
                0x0000000000000000        0xa /Users/assetmalik/STM32/cm3/lib/libopencm3_stm32f1.a(spi_common_all.o)
 .text.spi_set_unidirectional_mode
                0x0000000000000000        0xa /Users/assetmalik/STM32/cm3/lib/libopencm3_stm32f1.a(spi_common_all.o)
 .text.spi_set_bidirectional_receive_only_mode
                0x0000000000000000       0x12 /Users/assetmalik/STM32/cm3/lib/libopencm3_stm32f1.a(spi_common_all.o)
 .text.spi_set_bidirectional_transmit_only_mode
                0x0000000000000000       0x12 /Users/assetmalik/STM32/cm3/lib/libopencm3_stm32f1.a(spi_common_all.o)
 .text.spi_enable_crc
                0x0000000000000000        0xa /Users/assetmalik/STM32/cm3/lib/libopencm3_stm32f1.a(spi_common_all.o)
 .text.spi_disable_crc
                0x0000000000000000        0xa /Users/assetmalik/STM32/cm3/lib/libopencm3_stm32f1.a(spi_common_all.o)
 .text.spi_set_next_tx_from_buffer
                0x0000000000000000        0xa /Users/assetmalik/STM32/cm3/lib/libopencm3_stm32f1.a(spi_common_all.o)
 .text.spi_set_next_tx_from_crc
                0x0000000000000000        0xa /Users/assetmalik/STM32/cm3/lib/libopencm3_stm32f1.a(spi_common_all.o)
 .text.spi_set_full_duplex_mode
                0x0000000000000000        0xa /Users/assetmalik/STM32/cm3/lib/libopencm3_stm32f1.a(spi_common_all.o)
 .text.spi_set_receive_only_mode
                0x0000000000000000        0xa /Users/assetmalik/STM32/cm3/lib/libopencm3_stm32f1.a(spi_common_all.o)
 .text.spi_disable_software_slave_management
                0x0000000000000000        0xa /Users/assetmalik/STM32/cm3/lib/libopencm3_stm32f1.a(spi_common_all.o)
 .text.spi_enable_software_slave_management
                0x0000000000000000        0xa /Users/assetmalik/STM32/cm3/lib/libopencm3_stm32f1.a(spi_common_all.o)
 .text.spi_set_nss_high
                0x0000000000000000        0xa /Users/assetmalik/STM32/cm3/lib/libopencm3_stm32f1.a(spi_common_all.o)
 .text.spi_set_nss_low
                0x0000000000000000        0xa /Users/assetmalik/STM32/cm3/lib/libopencm3_stm32f1.a(spi_common_all.o)
 .text.spi_send_msb_first
                0x0000000000000000        0xa /Users/assetmalik/STM32/cm3/lib/libopencm3_stm32f1.a(spi_common_all.o)
 .text.spi_set_baudrate_prescaler
                0x0000000000000000       0x16 /Users/assetmalik/STM32/cm3/lib/libopencm3_stm32f1.a(spi_common_all.o)
 .text.spi_set_master_mode
                0x0000000000000000        0xa /Users/assetmalik/STM32/cm3/lib/libopencm3_stm32f1.a(spi_common_all.o)
 .text.spi_set_slave_mode
                0x0000000000000000        0xa /Users/assetmalik/STM32/cm3/lib/libopencm3_stm32f1.a(spi_common_all.o)
 .text.spi_set_clock_polarity_1
                0x0000000000000000        0xa /Users/assetmalik/STM32/cm3/lib/libopencm3_stm32f1.a(spi_common_all.o)
 .text.spi_set_clock_polarity_0
                0x0000000000000000        0xa /Users/assetmalik/STM32/cm3/lib/libopencm3_stm32f1.a(spi_common_all.o)
 .text.spi_set_clock_phase_1
                0x0000000000000000        0xa /Users/assetmalik/STM32/cm3/lib/libopencm3_stm32f1.a(spi_common_all.o)
 .text.spi_set_clock_phase_0
                0x0000000000000000        0xa /Users/assetmalik/STM32/cm3/lib/libopencm3_stm32f1.a(spi_common_all.o)
 .text.spi_enable_tx_buffer_empty_interrupt
                0x0000000000000000        0xa /Users/assetmalik/STM32/cm3/lib/libopencm3_stm32f1.a(spi_common_all.o)
 .text.spi_disable_tx_buffer_empty_interrupt
                0x0000000000000000        0xa /Users/assetmalik/STM32/cm3/lib/libopencm3_stm32f1.a(spi_common_all.o)
 .text.spi_enable_rx_buffer_not_empty_interrupt
                0x0000000000000000        0xa /Users/assetmalik/STM32/cm3/lib/libopencm3_stm32f1.a(spi_common_all.o)
 .text.spi_disable_rx_buffer_not_empty_interrupt
                0x0000000000000000        0xa /Users/assetmalik/STM32/cm3/lib/libopencm3_stm32f1.a(spi_common_all.o)
 .text.spi_enable_error_interrupt
                0x0000000000000000        0xa /Users/assetmalik/STM32/cm3/lib/libopencm3_stm32f1.a(spi_common_all.o)
 .text.spi_disable_error_interrupt
                0x0000000000000000        0xa /Users/assetmalik/STM32/cm3/lib/libopencm3_stm32f1.a(spi_common_all.o)
 .text.spi_enable_ss_output
                0x0000000000000000        0xa /Users/assetmalik/STM32/cm3/lib/libopencm3_stm32f1.a(spi_common_all.o)
 .text.spi_disable_ss_output
                0x0000000000000000        0xa /Users/assetmalik/STM32/cm3/lib/libopencm3_stm32f1.a(spi_common_all.o)
 .text.spi_enable_tx_dma
                0x0000000000000000        0xa /Users/assetmalik/STM32/cm3/lib/libopencm3_stm32f1.a(spi_common_all.o)
 .text.spi_disable_tx_dma
                0x0000000000000000        0xa /Users/assetmalik/STM32/cm3/lib/libopencm3_stm32f1.a(spi_common_all.o)
 .text.spi_enable_rx_dma
                0x0000000000000000        0xa /Users/assetmalik/STM32/cm3/lib/libopencm3_stm32f1.a(spi_common_all.o)
 .text.spi_disable_rx_dma
                0x0000000000000000        0xa /Users/assetmalik/STM32/cm3/lib/libopencm3_stm32f1.a(spi_common_all.o)
 .text          0x0000000000000000        0x0 /Users/assetmalik/STM32/cm3/lib/libopencm3_stm32f1.a(usart_common_all.o)
 .data          0x0000000000000000        0x0 /Users/assetmalik/STM32/cm3/lib/libopencm3_stm32f1.a(usart_common_all.o)
 .bss           0x0000000000000000        0x0 /Users/assetmalik/STM32/cm3/lib/libopencm3_stm32f1.a(usart_common_all.o)
 .text.usart_disable
                0x0000000000000000        0xa /Users/assetmalik/STM32/cm3/lib/libopencm3_stm32f1.a(usart_common_all.o)
 .text.usart_recv_blocking
                0x0000000000000000       0x12 /Users/assetmalik/STM32/cm3/lib/libopencm3_stm32f1.a(usart_common_all.o)
 .text.usart_enable_rx_dma
                0x0000000000000000        0xa /Users/assetmalik/STM32/cm3/lib/libopencm3_stm32f1.a(usart_common_all.o)
 .text.usart_disable_rx_dma
                0x0000000000000000        0xa /Users/assetmalik/STM32/cm3/lib/libopencm3_stm32f1.a(usart_common_all.o)
 .text.usart_enable_tx_dma
                0x0000000000000000        0xa /Users/assetmalik/STM32/cm3/lib/libopencm3_stm32f1.a(usart_common_all.o)
 .text.usart_disable_tx_dma
                0x0000000000000000        0xa /Users/assetmalik/STM32/cm3/lib/libopencm3_stm32f1.a(usart_common_all.o)
 .text.usart_enable_rx_interrupt
                0x0000000000000000        0xa /Users/assetmalik/STM32/cm3/lib/libopencm3_stm32f1.a(usart_common_all.o)
 .text.usart_disable_rx_interrupt
                0x0000000000000000        0xa /Users/assetmalik/STM32/cm3/lib/libopencm3_stm32f1.a(usart_common_all.o)
 .text.usart_enable_tx_interrupt
                0x0000000000000000        0xa /Users/assetmalik/STM32/cm3/lib/libopencm3_stm32f1.a(usart_common_all.o)
 .text.usart_disable_tx_interrupt
                0x0000000000000000        0xa /Users/assetmalik/STM32/cm3/lib/libopencm3_stm32f1.a(usart_common_all.o)
 .text.usart_enable_error_interrupt
                0x0000000000000000        0xa /Users/assetmalik/STM32/cm3/lib/libopencm3_stm32f1.a(usart_common_all.o)
 .text.usart_disable_error_interrupt
                0x0000000000000000        0xa /Users/assetmalik/STM32/cm3/lib/libopencm3_stm32f1.a(usart_common_all.o)
 .text          0x0000000000000000        0x0 /Users/assetmalik/STM32/cm3/lib/libopencm3_stm32f1.a(usart_common_f124.o)
 .data          0x0000000000000000        0x0 /Users/assetmalik/STM32/cm3/lib/libopencm3_stm32f1.a(usart_common_f124.o)
 .bss           0x0000000000000000        0x0 /Users/assetmalik/STM32/cm3/lib/libopencm3_stm32f1.a(usart_common_f124.o)
 .text.usart_recv
                0x0000000000000000        0x8 /Users/assetmalik/STM32/cm3/lib/libopencm3_stm32f1.a(usart_common_f124.o)
 .text.usart_wait_recv_ready
                0x0000000000000000        0x8 /Users/assetmalik/STM32/cm3/lib/libopencm3_stm32f1.a(usart_common_f124.o)
 .text.usart_get_flag
                0x0000000000000000        0xc /Users/assetmalik/STM32/cm3/lib/libopencm3_stm32f1.a(usart_common_f124.o)
 .text.usart_get_interrupt_source
                0x0000000000000000       0x2c /Users/assetmalik/STM32/cm3/lib/libopencm3_stm32f1.a(usart_common_f124.o)
 .text          0x0000000000000000        0x0 /Users/assetmalik/STM32/cm3/lib/libopencm3_stm32f1.a(rcc_common_all.o)
 .data          0x0000000000000000        0x0 /Users/assetmalik/STM32/cm3/lib/libopencm3_stm32f1.a(rcc_common_all.o)
 .bss           0x0000000000000000        0x0 /Users/assetmalik/STM32/cm3/lib/libopencm3_stm32f1.a(rcc_common_all.o)
 .text.rcc_peripheral_enable_clock
                0x0000000000000000        0x8 /Users/assetmalik/STM32/cm3/lib/libopencm3_stm32f1.a(rcc_common_all.o)
 .text.rcc_peripheral_disable_clock
                0x0000000000000000        0xa /Users/assetmalik/STM32/cm3/lib/libopencm3_stm32f1.a(rcc_common_all.o)
 .text.rcc_peripheral_reset
                0x0000000000000000        0x8 /Users/assetmalik/STM32/cm3/lib/libopencm3_stm32f1.a(rcc_common_all.o)
 .text.rcc_peripheral_clear_reset
                0x0000000000000000        0xa /Users/assetmalik/STM32/cm3/lib/libopencm3_stm32f1.a(rcc_common_all.o)
 .text.rcc_periph_clock_disable
                0x0000000000000000       0x1e /Users/assetmalik/STM32/cm3/lib/libopencm3_stm32f1.a(rcc_common_all.o)
 .text.rcc_periph_reset_pulse
                0x0000000000000000       0x22 /Users/assetmalik/STM32/cm3/lib/libopencm3_stm32f1.a(rcc_common_all.o)
 .text.rcc_periph_reset_hold
                0x0000000000000000       0x1a /Users/assetmalik/STM32/cm3/lib/libopencm3_stm32f1.a(rcc_common_all.o)
 .text.rcc_periph_reset_release
                0x0000000000000000       0x1e /Users/assetmalik/STM32/cm3/lib/libopencm3_stm32f1.a(rcc_common_all.o)
 .text          0x0000000000000000        0x0 /Users/assetmalik/STM32/cm3/lib/libopencm3_stm32f1.a(flash_common_f01.o)
 .data          0x0000000000000000        0x0 /Users/assetmalik/STM32/cm3/lib/libopencm3_stm32f1.a(flash_common_f01.o)
 .bss           0x0000000000000000        0x0 /Users/assetmalik/STM32/cm3/lib/libopencm3_stm32f1.a(flash_common_f01.o)
 .text.flash_prefetch_buffer_enable
                0x0000000000000000       0x10 /Users/assetmalik/STM32/cm3/lib/libopencm3_stm32f1.a(flash_common_f01.o)
 .text.flash_prefetch_buffer_disable
                0x0000000000000000       0x10 /Users/assetmalik/STM32/cm3/lib/libopencm3_stm32f1.a(flash_common_f01.o)
 .text.flash_unlock
                0x0000000000000000       0x24 /Users/assetmalik/STM32/cm3/lib/libopencm3_stm32f1.a(flash_common_f01.o)
 .text.flash_lock
                0x0000000000000000       0x10 /Users/assetmalik/STM32/cm3/lib/libopencm3_stm32f1.a(flash_common_f01.o)
 .text.flash_clear_pgerr_flag
                0x0000000000000000       0x10 /Users/assetmalik/STM32/cm3/lib/libopencm3_stm32f1.a(flash_common_f01.o)
 .text.flash_clear_eop_flag
                0x0000000000000000       0x10 /Users/assetmalik/STM32/cm3/lib/libopencm3_stm32f1.a(flash_common_f01.o)
 .text.flash_clear_wrprterr_flag
                0x0000000000000000       0x10 /Users/assetmalik/STM32/cm3/lib/libopencm3_stm32f1.a(flash_common_f01.o)
 .text.flash_clear_bsy_flag
                0x0000000000000000       0x10 /Users/assetmalik/STM32/cm3/lib/libopencm3_stm32f1.a(flash_common_f01.o)
 .text.flash_wait_for_last_operation
                0x0000000000000000        0xc /Users/assetmalik/STM32/cm3/lib/libopencm3_stm32f1.a(flash_common_f01.o)
 .text.flash_program_word
                0x0000000000000000       0x18 /Users/assetmalik/STM32/cm3/lib/libopencm3_stm32f1.a(flash_common_f01.o)
 .text.flash_unlock_option_bytes
                0x0000000000000000       0x18 /Users/assetmalik/STM32/cm3/lib/libopencm3_stm32f1.a(flash_common_f01.o)
 .text.flash_erase_option_bytes
                0x0000000000000000       0x34 /Users/assetmalik/STM32/cm3/lib/libopencm3_stm32f1.a(flash_common_f01.o)
 .text.flash_program_option_bytes
                0x0000000000000000       0x34 /Users/assetmalik/STM32/cm3/lib/libopencm3_stm32f1.a(flash_common_f01.o)
 .text          0x0000000000000000        0x0 /Users/assetmalik/STM32/cm3/lib/libopencm3_stm32f1.a(vector.o)
 .data          0x0000000000000000        0x0 /Users/assetmalik/STM32/cm3/lib/libopencm3_stm32f1.a(vector.o)
 .bss           0x0000000000000000        0x0 /Users/assetmalik/STM32/cm3/lib/libopencm3_stm32f1.a(vector.o)
 .text          0x0000000000000000        0x0 /Users/assetmalik/STM32/cm3/lib/libopencm3_stm32f1.a(assert.o)
 .data          0x0000000000000000        0x0 /Users/assetmalik/STM32/cm3/lib/libopencm3_stm32f1.a(assert.o)
 .bss           0x0000000000000000        0x0 /Users/assetmalik/STM32/cm3/lib/libopencm3_stm32f1.a(assert.o)
 .text.cm3_assert_failed
                0x0000000000000000        0x2 /Users/assetmalik/STM32/cm3/lib/libopencm3_stm32f1.a(assert.o)
 .text.cm3_assert_failed_verbose
                0x0000000000000000        0x6 /Users/assetmalik/STM32/cm3/lib/libopencm3_stm32f1.a(assert.o)
 .debug_info    0x0000000000000000       0xea /Users/assetmalik/STM32/cm3/lib/libopencm3_stm32f1.a(assert.o)
 .debug_abbrev  0x0000000000000000       0x8c /Users/assetmalik/STM32/cm3/lib/libopencm3_stm32f1.a(assert.o)
 .debug_loc     0x0000000000000000       0x84 /Users/assetmalik/STM32/cm3/lib/libopencm3_stm32f1.a(assert.o)
 .debug_aranges
                0x0000000000000000       0x28 /Users/assetmalik/STM32/cm3/lib/libopencm3_stm32f1.a(assert.o)
 .debug_ranges  0x0000000000000000       0x18 /Users/assetmalik/STM32/cm3/lib/libopencm3_stm32f1.a(assert.o)
 .debug_line    0x0000000000000000       0x53 /Users/assetmalik/STM32/cm3/lib/libopencm3_stm32f1.a(assert.o)
 .debug_str     0x0000000000000000      0x1a4 /Users/assetmalik/STM32/cm3/lib/libopencm3_stm32f1.a(assert.o)
 .comment       0x0000000000000000       0x72 /Users/assetmalik/STM32/cm3/lib/libopencm3_stm32f1.a(assert.o)
 .debug_frame   0x0000000000000000       0x38 /Users/assetmalik/STM32/cm3/lib/libopencm3_stm32f1.a(assert.o)
 .ARM.attributes
                0x0000000000000000       0x33 /Users/assetmalik/STM32/cm3/lib/libopencm3_stm32f1.a(assert.o)
 .text          0x0000000000000000        0x0 /Users/assetmalik/STM32/cm3/lib/libopencm3_stm32f1.a(flash.o)
 .data          0x0000000000000000        0x0 /Users/assetmalik/STM32/cm3/lib/libopencm3_stm32f1.a(flash.o)
 .bss           0x0000000000000000        0x0 /Users/assetmalik/STM32/cm3/lib/libopencm3_stm32f1.a(flash.o)
 .text.flash_halfcycle_enable
                0x0000000000000000       0x10 /Users/assetmalik/STM32/cm3/lib/libopencm3_stm32f1.a(flash.o)
 .text.flash_halfcycle_disable
                0x0000000000000000       0x10 /Users/assetmalik/STM32/cm3/lib/libopencm3_stm32f1.a(flash.o)
 .text.flash_unlock_upper
                0x0000000000000000       0x34 /Users/assetmalik/STM32/cm3/lib/libopencm3_stm32f1.a(flash.o)
 .text.flash_lock_upper
                0x0000000000000000       0x10 /Users/assetmalik/STM32/cm3/lib/libopencm3_stm32f1.a(flash.o)
 .text.flash_clear_pgerr_flag_upper
                0x0000000000000000       0x20 /Users/assetmalik/STM32/cm3/lib/libopencm3_stm32f1.a(flash.o)
 .text.flash_clear_eop_flag_upper
                0x0000000000000000       0x20 /Users/assetmalik/STM32/cm3/lib/libopencm3_stm32f1.a(flash.o)
 .text.flash_clear_wrprterr_flag_upper
                0x0000000000000000       0x20 /Users/assetmalik/STM32/cm3/lib/libopencm3_stm32f1.a(flash.o)
 .text.flash_clear_bsy_flag_upper
                0x0000000000000000       0x20 /Users/assetmalik/STM32/cm3/lib/libopencm3_stm32f1.a(flash.o)
 .text.flash_clear_status_flags
                0x0000000000000000       0x38 /Users/assetmalik/STM32/cm3/lib/libopencm3_stm32f1.a(flash.o)
 .text.flash_get_status_flags
                0x0000000000000000       0x28 /Users/assetmalik/STM32/cm3/lib/libopencm3_stm32f1.a(flash.o)
 .text.flash_program_half_word
                0x0000000000000000       0x60 /Users/assetmalik/STM32/cm3/lib/libopencm3_stm32f1.a(flash.o)
 .text.flash_erase_page
                0x0000000000000000       0x78 /Users/assetmalik/STM32/cm3/lib/libopencm3_stm32f1.a(flash.o)
 .text.flash_erase_all_pages
                0x0000000000000000       0x48 /Users/assetmalik/STM32/cm3/lib/libopencm3_stm32f1.a(flash.o)
 .debug_info    0x0000000000000000      0x2a7 /Users/assetmalik/STM32/cm3/lib/libopencm3_stm32f1.a(flash.o)
 .debug_abbrev  0x0000000000000000      0x117 /Users/assetmalik/STM32/cm3/lib/libopencm3_stm32f1.a(flash.o)
 .debug_loc     0x0000000000000000       0x80 /Users/assetmalik/STM32/cm3/lib/libopencm3_stm32f1.a(flash.o)
 .debug_aranges
                0x0000000000000000       0x80 /Users/assetmalik/STM32/cm3/lib/libopencm3_stm32f1.a(flash.o)
 .debug_ranges  0x0000000000000000       0x70 /Users/assetmalik/STM32/cm3/lib/libopencm3_stm32f1.a(flash.o)
 .debug_line    0x0000000000000000      0x29f /Users/assetmalik/STM32/cm3/lib/libopencm3_stm32f1.a(flash.o)
 .debug_str     0x0000000000000000      0x343 /Users/assetmalik/STM32/cm3/lib/libopencm3_stm32f1.a(flash.o)
 .comment       0x0000000000000000       0x72 /Users/assetmalik/STM32/cm3/lib/libopencm3_stm32f1.a(flash.o)
 .debug_frame   0x0000000000000000      0x10c /Users/assetmalik/STM32/cm3/lib/libopencm3_stm32f1.a(flash.o)
 .ARM.attributes
                0x0000000000000000       0x33 /Users/assetmalik/STM32/cm3/lib/libopencm3_stm32f1.a(flash.o)

Memory Configuration

Name             Origin             Length             Attributes
rom              0x0000000008000000 0x0000000000010000 xr
ram              0x0000000020000000 0x0000000000005000 xrw
*default*        0x0000000000000000 0xffffffffffffffff

Linker script and memory map

LOAD mk/main.o
LOAD /Users/assetmalik/STM32/cm3/lib/libopencm3_stm32f1.a
START GROUP
LOAD /Users/assetmalik/opt/gnu-mcu-eclipse/arm-none-eabi-gcc/7.3.1-1.1-20180724-0637/bin/../lib/gcc/arm-none-eabi/7.3.1/../../../../arm-none-eabi/lib/thumb/v7-m/libc.a
LOAD /Users/assetmalik/opt/gnu-mcu-eclipse/arm-none-eabi-gcc/7.3.1-1.1-20180724-0637/bin/../lib/gcc/arm-none-eabi/7.3.1/thumb/v7-m/libgcc.a
END GROUP
START GROUP
LOAD /Users/assetmalik/opt/gnu-mcu-eclipse/arm-none-eabi-gcc/7.3.1-1.1-20180724-0637/bin/../lib/gcc/arm-none-eabi/7.3.1/thumb/v7-m/libgcc.a
LOAD /Users/assetmalik/opt/gnu-mcu-eclipse/arm-none-eabi-gcc/7.3.1-1.1-20180724-0637/bin/../lib/gcc/arm-none-eabi/7.3.1/../../../../arm-none-eabi/lib/thumb/v7-m/libc.a
END GROUP

.text           0x0000000008000000      0x5c8
 *(.vectors)
 .vectors       0x0000000008000000      0x150 /Users/assetmalik/STM32/cm3/lib/libopencm3_stm32f1.a(vector.o)
                0x0000000008000000                vector_table
 *(.text*)
 .text.sendcmd  0x0000000008000150       0x1c mk/main.o
                0x0000000008000150                sendcmd
 .text.startup.main
                0x000000000800016c       0x98 mk/main.o
                0x000000000800016c                main
 .text.gpio_set_mode
                0x0000000008000204       0x62 /Users/assetmalik/STM32/cm3/lib/libopencm3_stm32f1.a(gpio.o)
                0x0000000008000204                gpio_set_mode
 *fill*         0x0000000008000266        0x2 
 .text.rcc_osc_on.part.0
                0x0000000008000268       0x10 /Users/assetmalik/STM32/cm3/lib/libopencm3_stm32f1.a(rcc.o)
 .text.rcc_wait_for_osc_ready
                0x0000000008000278       0x64 /Users/assetmalik/STM32/cm3/lib/libopencm3_stm32f1.a(rcc.o)
                0x0000000008000278                rcc_wait_for_osc_ready
 .text.rcc_osc_on
                0x00000000080002dc       0x54 /Users/assetmalik/STM32/cm3/lib/libopencm3_stm32f1.a(rcc.o)
                0x00000000080002dc                rcc_osc_on
 .text.rcc_set_sysclk_source
                0x0000000008000330       0x14 /Users/assetmalik/STM32/cm3/lib/libopencm3_stm32f1.a(rcc.o)
                0x0000000008000330                rcc_set_sysclk_source
 .text.rcc_set_pll_multiplication_factor
                0x0000000008000344       0x14 /Users/assetmalik/STM32/cm3/lib/libopencm3_stm32f1.a(rcc.o)
                0x0000000008000344                rcc_set_pll_multiplication_factor
 .text.rcc_set_pll_source
                0x0000000008000358       0x14 /Users/assetmalik/STM32/cm3/lib/libopencm3_stm32f1.a(rcc.o)
                0x0000000008000358                rcc_set_pll_source
 .text.rcc_set_pllxtpre
                0x000000000800036c       0x14 /Users/assetmalik/STM32/cm3/lib/libopencm3_stm32f1.a(rcc.o)
                0x000000000800036c                rcc_set_pllxtpre
 .text.rcc_set_adcpre
                0x0000000008000380       0x14 /Users/assetmalik/STM32/cm3/lib/libopencm3_stm32f1.a(rcc.o)
                0x0000000008000380                rcc_set_adcpre
 .text.rcc_set_ppre2
                0x0000000008000394       0x14 /Users/assetmalik/STM32/cm3/lib/libopencm3_stm32f1.a(rcc.o)
                0x0000000008000394                rcc_set_ppre2
 .text.rcc_set_ppre1
                0x00000000080003a8       0x14 /Users/assetmalik/STM32/cm3/lib/libopencm3_stm32f1.a(rcc.o)
                0x00000000080003a8                rcc_set_ppre1
 .text.rcc_set_hpre
                0x00000000080003bc       0x14 /Users/assetmalik/STM32/cm3/lib/libopencm3_stm32f1.a(rcc.o)
                0x00000000080003bc                rcc_set_hpre
 .text.rcc_clock_setup_in_hse_8mhz_out_72mhz
                0x00000000080003d0       0x84 /Users/assetmalik/STM32/cm3/lib/libopencm3_stm32f1.a(rcc.o)
                0x00000000080003d0                rcc_clock_setup_in_hse_8mhz_out_72mhz
 .text.spi_write
                0x0000000008000454        0x4 /Users/assetmalik/STM32/cm3/lib/libopencm3_stm32f1.a(spi_common_all.o)
                0x0000000008000454                spi_write
 .text.spi_read
                0x0000000008000458        0xc /Users/assetmalik/STM32/cm3/lib/libopencm3_stm32f1.a(spi_common_all.o)
                0x0000000008000458                spi_read
 .text.spi_send_lsb_first
                0x0000000008000464        0xa /Users/assetmalik/STM32/cm3/lib/libopencm3_stm32f1.a(spi_common_all.o)
                0x0000000008000464                spi_send_lsb_first
 *fill*         0x000000000800046e        0x2 
 .text.usart_set_baudrate
                0x0000000008000470       0x28 /Users/assetmalik/STM32/cm3/lib/libopencm3_stm32f1.a(usart_common_all.o)
                0x0000000008000470                usart_set_baudrate
 .text.usart_set_databits
                0x0000000008000498       0x12 /Users/assetmalik/STM32/cm3/lib/libopencm3_stm32f1.a(usart_common_all.o)
                0x0000000008000498                usart_set_databits
 .text.usart_set_stopbits
                0x00000000080004aa        0xc /Users/assetmalik/STM32/cm3/lib/libopencm3_stm32f1.a(usart_common_all.o)
                0x00000000080004aa                usart_set_stopbits
 .text.usart_set_parity
                0x00000000080004b6        0xc /Users/assetmalik/STM32/cm3/lib/libopencm3_stm32f1.a(usart_common_all.o)
                0x00000000080004b6                usart_set_parity
 .text.usart_set_mode
                0x00000000080004c2        0xc /Users/assetmalik/STM32/cm3/lib/libopencm3_stm32f1.a(usart_common_all.o)
                0x00000000080004c2                usart_set_mode
 .text.usart_set_flow_control
                0x00000000080004ce        0xc /Users/assetmalik/STM32/cm3/lib/libopencm3_stm32f1.a(usart_common_all.o)
                0x00000000080004ce                usart_set_flow_control
 .text.usart_enable
                0x00000000080004da        0xa /Users/assetmalik/STM32/cm3/lib/libopencm3_stm32f1.a(usart_common_all.o)
                0x00000000080004da                usart_enable
 .text.usart_send_blocking
                0x00000000080004e4       0x16 /Users/assetmalik/STM32/cm3/lib/libopencm3_stm32f1.a(usart_common_all.o)
                0x00000000080004e4                usart_send_blocking
 .text.usart_send
                0x00000000080004fa        0x8 /Users/assetmalik/STM32/cm3/lib/libopencm3_stm32f1.a(usart_common_f124.o)
                0x00000000080004fa                usart_send
 .text.usart_wait_send_ready
                0x0000000008000502        0x8 /Users/assetmalik/STM32/cm3/lib/libopencm3_stm32f1.a(usart_common_f124.o)
                0x0000000008000502                usart_wait_send_ready
 .text.rcc_periph_clock_enable
                0x000000000800050a       0x1a /Users/assetmalik/STM32/cm3/lib/libopencm3_stm32f1.a(rcc_common_all.o)
                0x000000000800050a                rcc_periph_clock_enable
 .text.flash_set_ws
                0x0000000008000524       0x14 /Users/assetmalik/STM32/cm3/lib/libopencm3_stm32f1.a(flash_common_f01.o)
                0x0000000008000524                flash_set_ws
 .text.blocking_handler
                0x0000000008000538        0x2 /Users/assetmalik/STM32/cm3/lib/libopencm3_stm32f1.a(vector.o)
                0x0000000008000538                exti0_isr
                0x0000000008000538                rtc_isr
                0x0000000008000538                tim7_isr
                0x0000000008000538                adc1_2_isr
                0x0000000008000538                tim1_trg_com_isr
                0x0000000008000538                usb_hp_can_tx_isr
                0x0000000008000538                tim6_isr
                0x0000000008000538                usb_wakeup_isr
                0x0000000008000538                blocking_handler
                0x0000000008000538                tim5_isr
                0x0000000008000538                otg_fs_isr
                0x0000000008000538                spi1_isr
                0x0000000008000538                exti2_isr
                0x0000000008000538                dma1_channel6_isr
                0x0000000008000538                can_rx1_isr
                0x0000000008000538                dma1_channel5_isr
                0x0000000008000538                dma2_channel5_isr
                0x0000000008000538                usart1_isr
                0x0000000008000538                usage_fault_handler
                0x0000000008000538                tim8_trg_com_isr
                0x0000000008000538                can2_rx0_isr
                0x0000000008000538                tim1_brk_isr
                0x0000000008000538                can2_rx1_isr
                0x0000000008000538                tim1_cc_isr
                0x0000000008000538                sdio_isr
                0x0000000008000538                eth_isr
                0x0000000008000538                dma1_channel4_isr
                0x0000000008000538                tim8_brk_isr
                0x0000000008000538                dma2_channel4_5_isr
                0x0000000008000538                pvd_isr
                0x0000000008000538                rcc_isr
                0x0000000008000538                flash_isr
                0x0000000008000538                uart4_isr
                0x0000000008000538                rtc_alarm_isr
                0x0000000008000538                exti15_10_isr
                0x0000000008000538                hard_fault_handler
                0x0000000008000538                exti1_isr
                0x0000000008000538                i2c1_ev_isr
                0x0000000008000538                dma2_channel1_isr
                0x0000000008000538                spi2_isr
                0x0000000008000538                tim8_up_isr
                0x0000000008000538                dma2_channel2_isr
                0x0000000008000538                exti3_isr
                0x0000000008000538                adc3_isr
                0x0000000008000538                tim3_isr
                0x0000000008000538                usart2_isr
                0x0000000008000538                usb_lp_can_rx0_isr
                0x0000000008000538                i2c2_er_isr
                0x0000000008000538                i2c2_ev_isr
                0x0000000008000538                uart5_isr
                0x0000000008000538                fsmc_isr
                0x0000000008000538                dma1_channel1_isr
                0x0000000008000538                exti4_isr
                0x0000000008000538                mem_manage_handler
                0x0000000008000538                can2_tx_isr
                0x0000000008000538                exti9_5_isr
                0x0000000008000538                dma2_channel3_isr
                0x0000000008000538                dma1_channel7_isr
                0x0000000008000538                tim1_up_isr
                0x0000000008000538                can2_sce_isr
                0x0000000008000538                tim4_isr
                0x0000000008000538                dma1_channel2_isr
                0x0000000008000538                i2c1_er_isr
                0x0000000008000538                can_sce_isr
                0x0000000008000538                tim8_cc_isr
                0x0000000008000538                tamper_isr
                0x0000000008000538                eth_wkup_isr
                0x0000000008000538                bus_fault_handler
                0x0000000008000538                wwdg_isr
                0x0000000008000538                dma1_channel3_isr
                0x0000000008000538                spi3_isr
                0x0000000008000538                tim2_isr
                0x0000000008000538                usart3_isr
 .text.null_handler
                0x000000000800053a        0x2 /Users/assetmalik/STM32/cm3/lib/libopencm3_stm32f1.a(vector.o)
                0x000000000800053a                null_handler
                0x000000000800053a                sv_call_handler
                0x000000000800053a                pend_sv_handler
                0x000000000800053a                debug_monitor_handler
                0x000000000800053a                sys_tick_handler
                0x000000000800053a                nmi_handler
 .text.reset_handler
                0x000000000800053c       0x80 /Users/assetmalik/STM32/cm3/lib/libopencm3_stm32f1.a(vector.o)
                0x000000000800053c                reset_handler
                0x00000000080005bc                . = ALIGN (0x4)
 *(.rodata*)
 .rodata.main.str1.1
                0x00000000080005bc        0xa mk/main.o
                0x00000000080005c8                . = ALIGN (0x4)
 *fill*         0x00000000080005c6        0x2 

.glue_7         0x00000000080005c8        0x0
 .glue_7        0x00000000080005c8        0x0 linker stubs

.glue_7t        0x00000000080005c8        0x0
 .glue_7t       0x00000000080005c8        0x0 linker stubs

.vfp11_veneer   0x00000000080005c8        0x0
 .vfp11_veneer  0x00000000080005c8        0x0 linker stubs

.v4_bx          0x00000000080005c8        0x0
 .v4_bx         0x00000000080005c8        0x0 linker stubs

.iplt           0x00000000080005c8        0x0
 .iplt          0x00000000080005c8        0x0 mk/main.o

.rel.dyn        0x00000000080005c8        0x0
 .rel.iplt      0x00000000080005c8        0x0 mk/main.o

.preinit_array  0x00000000080005c8        0x0
                0x00000000080005c8                . = ALIGN (0x4)
                0x00000000080005c8                __preinit_array_start = .
 *(.preinit_array)
                0x00000000080005c8                __preinit_array_end = .

.init_array     0x00000000080005c8        0x0
                0x00000000080005c8                . = ALIGN (0x4)
                0x00000000080005c8                __init_array_start = .
 *(SORT_BY_NAME(.init_array.*))
 *(.init_array)
                0x00000000080005c8                __init_array_end = .

.fini_array     0x00000000080005c8        0x0
                0x00000000080005c8                . = ALIGN (0x4)
                0x00000000080005c8                __fini_array_start = .
 *(.fini_array)
 *(SORT_BY_NAME(.fini_array.*))
                0x00000000080005c8                __fini_array_end = .

.ARM.extab
 *(.ARM.extab*)

.ARM.exidx      0x00000000080005c8        0x0
                0x00000000080005c8                __exidx_start = .
 *(.ARM.exidx*)
                0x00000000080005c8                __exidx_end = .
                0x00000000080005c8                . = ALIGN (0x4)
                0x00000000080005c8                _etext = .

.data           0x0000000020000000        0x8 load address 0x00000000080005c8
                0x0000000020000000                _data = .
 *(.data*)
 .data.rcc_ppre1_frequency
                0x0000000020000000        0x4 /Users/assetmalik/STM32/cm3/lib/libopencm3_stm32f1.a(rcc.o)
                0x0000000020000000                rcc_ppre1_frequency
 .data.rcc_ppre2_frequency
                0x0000000020000004        0x4 /Users/assetmalik/STM32/cm3/lib/libopencm3_stm32f1.a(rcc.o)
                0x0000000020000004                rcc_ppre2_frequency
                0x0000000020000008                . = ALIGN (0x4)
                0x0000000020000008                _edata = .
                0x00000000080005c8                _data_loadaddr = LOADADDR (.data)

.igot.plt       0x0000000020000008        0x0 load address 0x00000000080005d0
 .igot.plt      0x0000000020000008        0x0 mk/main.o

.bss            0x0000000020000008        0x0 load address 0x00000000080005d0
 *(.bss*)
 *(COMMON)
                0x0000000020000008                . = ALIGN (0x4)
                0x0000000020000008                _ebss = .

/DISCARD/
 *(.eh_frame)
                0x0000000020000008                . = ALIGN (0x4)
                0x0000000020000008                end = .
                0x0000000020005000                PROVIDE (_stack = (ORIGIN (ram) + LENGTH (ram)))
OUTPUT(mk/pn532.elf elf32-littlearm)

.debug_info     0x0000000000000000     0x31c1
 .debug_info    0x0000000000000000      0x541 mk/main.o
 .debug_info    0x0000000000000541      0x1ca /Users/assetmalik/STM32/cm3/lib/libopencm3_stm32f1.a(gpio.o)
 .debug_info    0x000000000000070b     0x10ee /Users/assetmalik/STM32/cm3/lib/libopencm3_stm32f1.a(rcc.o)
 .debug_info    0x00000000000017f9      0x915 /Users/assetmalik/STM32/cm3/lib/libopencm3_stm32f1.a(spi_common_all.o)
 .debug_info    0x000000000000210e      0x4ae /Users/assetmalik/STM32/cm3/lib/libopencm3_stm32f1.a(usart_common_all.o)
 .debug_info    0x00000000000025bc      0x1cd /Users/assetmalik/STM32/cm3/lib/libopencm3_stm32f1.a(usart_common_f124.o)
 .debug_info    0x0000000000002789      0x53d /Users/assetmalik/STM32/cm3/lib/libopencm3_stm32f1.a(rcc_common_all.o)
 .debug_info    0x0000000000002cc6      0x274 /Users/assetmalik/STM32/cm3/lib/libopencm3_stm32f1.a(flash_common_f01.o)
 .debug_info    0x0000000000002f3a      0x287 /Users/assetmalik/STM32/cm3/lib/libopencm3_stm32f1.a(vector.o)

.debug_abbrev   0x0000000000000000      0xb21
 .debug_abbrev  0x0000000000000000      0x194 mk/main.o
 .debug_abbrev  0x0000000000000194       0xb4 /Users/assetmalik/STM32/cm3/lib/libopencm3_stm32f1.a(gpio.o)
 .debug_abbrev  0x0000000000000248      0x24f /Users/assetmalik/STM32/cm3/lib/libopencm3_stm32f1.a(rcc.o)
 .debug_abbrev  0x0000000000000497      0x1ab /Users/assetmalik/STM32/cm3/lib/libopencm3_stm32f1.a(spi_common_all.o)
 .debug_abbrev  0x0000000000000642      0x10c /Users/assetmalik/STM32/cm3/lib/libopencm3_stm32f1.a(usart_common_all.o)
 .debug_abbrev  0x000000000000074e       0xc3 /Users/assetmalik/STM32/cm3/lib/libopencm3_stm32f1.a(usart_common_f124.o)
 .debug_abbrev  0x0000000000000811      0x11e /Users/assetmalik/STM32/cm3/lib/libopencm3_stm32f1.a(rcc_common_all.o)
 .debug_abbrev  0x000000000000092f       0xca /Users/assetmalik/STM32/cm3/lib/libopencm3_stm32f1.a(flash_common_f01.o)
 .debug_abbrev  0x00000000000009f9      0x128 /Users/assetmalik/STM32/cm3/lib/libopencm3_stm32f1.a(vector.o)

.debug_loc      0x0000000000000000      0xeef
 .debug_loc     0x0000000000000000       0x78 mk/main.o
 .debug_loc     0x0000000000000078      0x485 /Users/assetmalik/STM32/cm3/lib/libopencm3_stm32f1.a(gpio.o)
 .debug_loc     0x00000000000004fd      0x3b0 /Users/assetmalik/STM32/cm3/lib/libopencm3_stm32f1.a(rcc.o)
 .debug_loc     0x00000000000008ad      0x11e /Users/assetmalik/STM32/cm3/lib/libopencm3_stm32f1.a(spi_common_all.o)
 .debug_loc     0x00000000000009cb      0x1ca /Users/assetmalik/STM32/cm3/lib/libopencm3_stm32f1.a(usart_common_all.o)
 .debug_loc     0x0000000000000b95       0xb6 /Users/assetmalik/STM32/cm3/lib/libopencm3_stm32f1.a(usart_common_f124.o)
 .debug_loc     0x0000000000000c4b       0xe7 /Users/assetmalik/STM32/cm3/lib/libopencm3_stm32f1.a(rcc_common_all.o)
 .debug_loc     0x0000000000000d32       0xd3 /Users/assetmalik/STM32/cm3/lib/libopencm3_stm32f1.a(flash_common_f01.o)
 .debug_loc     0x0000000000000e05       0xea /Users/assetmalik/STM32/cm3/lib/libopencm3_stm32f1.a(vector.o)

.debug_aranges  0x0000000000000000      0x528
 .debug_aranges
                0x0000000000000000       0x28 mk/main.o
 .debug_aranges
                0x0000000000000028       0x38 /Users/assetmalik/STM32/cm3/lib/libopencm3_stm32f1.a(gpio.o)
 .debug_aranges
                0x0000000000000060      0x150 /Users/assetmalik/STM32/cm3/lib/libopencm3_stm32f1.a(rcc.o)
 .debug_aranges
                0x00000000000001b0      0x170 /Users/assetmalik/STM32/cm3/lib/libopencm3_stm32f1.a(spi_common_all.o)
 .debug_aranges
                0x0000000000000320       0xb8 /Users/assetmalik/STM32/cm3/lib/libopencm3_stm32f1.a(usart_common_all.o)
 .debug_aranges
                0x00000000000003d8       0x48 /Users/assetmalik/STM32/cm3/lib/libopencm3_stm32f1.a(usart_common_f124.o)
 .debug_aranges
                0x0000000000000420       0x50 /Users/assetmalik/STM32/cm3/lib/libopencm3_stm32f1.a(rcc_common_all.o)
 .debug_aranges
                0x0000000000000470       0x88 /Users/assetmalik/STM32/cm3/lib/libopencm3_stm32f1.a(flash_common_f01.o)
 .debug_aranges
                0x00000000000004f8       0x30 /Users/assetmalik/STM32/cm3/lib/libopencm3_stm32f1.a(vector.o)

.debug_ranges   0x0000000000000000      0x528
 .debug_ranges  0x0000000000000000       0x48 mk/main.o
 .debug_ranges  0x0000000000000048       0x28 /Users/assetmalik/STM32/cm3/lib/libopencm3_stm32f1.a(gpio.o)
 .debug_ranges  0x0000000000000070      0x1a0 /Users/assetmalik/STM32/cm3/lib/libopencm3_stm32f1.a(rcc.o)
 .debug_ranges  0x0000000000000210      0x160 /Users/assetmalik/STM32/cm3/lib/libopencm3_stm32f1.a(spi_common_all.o)
 .debug_ranges  0x0000000000000370       0xa8 /Users/assetmalik/STM32/cm3/lib/libopencm3_stm32f1.a(usart_common_all.o)
 .debug_ranges  0x0000000000000418       0x38 /Users/assetmalik/STM32/cm3/lib/libopencm3_stm32f1.a(usart_common_f124.o)
 .debug_ranges  0x0000000000000450       0x40 /Users/assetmalik/STM32/cm3/lib/libopencm3_stm32f1.a(rcc_common_all.o)
 .debug_ranges  0x0000000000000490       0x78 /Users/assetmalik/STM32/cm3/lib/libopencm3_stm32f1.a(flash_common_f01.o)
 .debug_ranges  0x0000000000000508       0x20 /Users/assetmalik/STM32/cm3/lib/libopencm3_stm32f1.a(vector.o)

.debug_line     0x0000000000000000     0x18b4
 .debug_line    0x0000000000000000      0x243 mk/main.o
 .debug_line    0x0000000000000243      0x182 /Users/assetmalik/STM32/cm3/lib/libopencm3_stm32f1.a(gpio.o)
 .debug_line    0x00000000000003c5      0x5b0 /Users/assetmalik/STM32/cm3/lib/libopencm3_stm32f1.a(rcc.o)
 .debug_line    0x0000000000000975      0x4d7 /Users/assetmalik/STM32/cm3/lib/libopencm3_stm32f1.a(spi_common_all.o)
 .debug_line    0x0000000000000e4c      0x32a /Users/assetmalik/STM32/cm3/lib/libopencm3_stm32f1.a(usart_common_all.o)
 .debug_line    0x0000000000001176      0x1e5 /Users/assetmalik/STM32/cm3/lib/libopencm3_stm32f1.a(usart_common_f124.o)
 .debug_line    0x000000000000135b      0x1df /Users/assetmalik/STM32/cm3/lib/libopencm3_stm32f1.a(rcc_common_all.o)
 .debug_line    0x000000000000153a      0x288 /Users/assetmalik/STM32/cm3/lib/libopencm3_stm32f1.a(flash_common_f01.o)
 .debug_line    0x00000000000017c2       0xf2 /Users/assetmalik/STM32/cm3/lib/libopencm3_stm32f1.a(vector.o)

.debug_str      0x0000000000000000     0x1595
 .debug_str     0x0000000000000000      0x4d6 mk/main.o
                                        0x51d (size before relaxing)
 .debug_str     0x00000000000004d6      0x156 /Users/assetmalik/STM32/cm3/lib/libopencm3_stm32f1.a(gpio.o)
                                        0x212 (size before relaxing)
 .debug_str     0x000000000000062c      0x3ab /Users/assetmalik/STM32/cm3/lib/libopencm3_stm32f1.a(rcc.o)
                                        0x57a (size before relaxing)
 .debug_str     0x00000000000009d7      0x5e0 /Users/assetmalik/STM32/cm3/lib/libopencm3_stm32f1.a(spi_common_all.o)
                                        0x7bb (size before relaxing)
 .debug_str     0x0000000000000fb7      0x18f /Users/assetmalik/STM32/cm3/lib/libopencm3_stm32f1.a(usart_common_all.o)
                                        0x3e0 (size before relaxing)
 .debug_str     0x0000000000001146       0x57 /Users/assetmalik/STM32/cm3/lib/libopencm3_stm32f1.a(usart_common_f124.o)
                                        0x23e (size before relaxing)
 .debug_str     0x000000000000119d       0xcc /Users/assetmalik/STM32/cm3/lib/libopencm3_stm32f1.a(rcc_common_all.o)
                                        0x6a6 (size before relaxing)
 .debug_str     0x0000000000001269      0x181 /Users/assetmalik/STM32/cm3/lib/libopencm3_stm32f1.a(flash_common_f01.o)
                                        0x300 (size before relaxing)
 .debug_str     0x00000000000013ea      0x1ab /Users/assetmalik/STM32/cm3/lib/libopencm3_stm32f1.a(vector.o)
                                        0x2fb (size before relaxing)

.comment        0x0000000000000000       0x71
 .comment       0x0000000000000000       0x71 mk/main.o
                                         0x72 (size before relaxing)
 .comment       0x0000000000000071       0x72 /Users/assetmalik/STM32/cm3/lib/libopencm3_stm32f1.a(gpio.o)
 .comment       0x0000000000000071       0x72 /Users/assetmalik/STM32/cm3/lib/libopencm3_stm32f1.a(rcc.o)
 .comment       0x0000000000000071       0x72 /Users/assetmalik/STM32/cm3/lib/libopencm3_stm32f1.a(spi_common_all.o)
 .comment       0x0000000000000071       0x72 /Users/assetmalik/STM32/cm3/lib/libopencm3_stm32f1.a(usart_common_all.o)
 .comment       0x0000000000000071       0x72 /Users/assetmalik/STM32/cm3/lib/libopencm3_stm32f1.a(usart_common_f124.o)
 .comment       0x0000000000000071       0x72 /Users/assetmalik/STM32/cm3/lib/libopencm3_stm32f1.a(rcc_common_all.o)
 .comment       0x0000000000000071       0x72 /Users/assetmalik/STM32/cm3/lib/libopencm3_stm32f1.a(flash_common_f01.o)
 .comment       0x0000000000000071       0x72 /Users/assetmalik/STM32/cm3/lib/libopencm3_stm32f1.a(vector.o)

.ARM.attributes
                0x0000000000000000       0x33
 .ARM.attributes
                0x0000000000000000       0x33 mk/main.o
 .ARM.attributes
                0x0000000000000033       0x33 /Users/assetmalik/STM32/cm3/lib/libopencm3_stm32f1.a(gpio.o)
 .ARM.attributes
                0x0000000000000066       0x33 /Users/assetmalik/STM32/cm3/lib/libopencm3_stm32f1.a(rcc.o)
 .ARM.attributes
                0x0000000000000099       0x33 /Users/assetmalik/STM32/cm3/lib/libopencm3_stm32f1.a(spi_common_all.o)
 .ARM.attributes
                0x00000000000000cc       0x33 /Users/assetmalik/STM32/cm3/lib/libopencm3_stm32f1.a(usart_common_all.o)
 .ARM.attributes
                0x00000000000000ff       0x33 /Users/assetmalik/STM32/cm3/lib/libopencm3_stm32f1.a(usart_common_f124.o)
 .ARM.attributes
                0x0000000000000132       0x33 /Users/assetmalik/STM32/cm3/lib/libopencm3_stm32f1.a(rcc_common_all.o)
 .ARM.attributes
                0x0000000000000165       0x33 /Users/assetmalik/STM32/cm3/lib/libopencm3_stm32f1.a(flash_common_f01.o)
 .ARM.attributes
                0x0000000000000198       0x33 /Users/assetmalik/STM32/cm3/lib/libopencm3_stm32f1.a(vector.o)

.debug_frame    0x0000000000000000      0xa10
 .debug_frame   0x0000000000000000       0x44 mk/main.o
 .debug_frame   0x0000000000000044       0x64 /Users/assetmalik/STM32/cm3/lib/libopencm3_stm32f1.a(gpio.o)
 .debug_frame   0x00000000000000a8      0x2c8 /Users/assetmalik/STM32/cm3/lib/libopencm3_stm32f1.a(rcc.o)
 .debug_frame   0x0000000000000370      0x2c0 /Users/assetmalik/STM32/cm3/lib/libopencm3_stm32f1.a(spi_common_all.o)
 .debug_frame   0x0000000000000630      0x170 /Users/assetmalik/STM32/cm3/lib/libopencm3_stm32f1.a(usart_common_all.o)
 .debug_frame   0x00000000000007a0       0x70 /Users/assetmalik/STM32/cm3/lib/libopencm3_stm32f1.a(usart_common_f124.o)
 .debug_frame   0x0000000000000810       0xa0 /Users/assetmalik/STM32/cm3/lib/libopencm3_stm32f1.a(rcc_common_all.o)
 .debug_frame   0x00000000000008b0      0x120 /Users/assetmalik/STM32/cm3/lib/libopencm3_stm32f1.a(flash_common_f01.o)
 .debug_frame   0x00000000000009d0       0x40 /Users/assetmalik/STM32/cm3/lib/libopencm3_stm32f1.a(vector.o)
